// Jest Snapshot v1, https://goo.gl/fbAQLP

exports[`should render the Button 1`] = `
<View
  accessibilityState={
    {
      "busy": undefined,
      "checked": undefined,
      "disabled": undefined,
      "expanded": undefined,
      "selected": undefined,
    }
  }
  accessibilityValue={
    {
      "max": undefined,
      "min": undefined,
      "now": undefined,
      "text": undefined,
    }
  }
  accessible={true}
  collapsable={false}
  focusable={true}
  onBlur={[Function]}
  onClick={[Function]}
  onFocus={[Function]}
  onResponderGrant={[Function]}
  onResponderMove={[Function]}
  onResponderRelease={[Function]}
  onResponderTerminate={[Function]}
  onResponderTerminationRequest={[Function]}
  onStartShouldSetResponder={[Function]}
  style={
    [
      {
        "alignItems": "center",
        "borderColor": "#dcdcdc",
        "borderRadius": 5,
        "borderWidth": 1,
        "margin": 5,
        "padding": 5,
      },
      {},
    ]
  }
>
  <Text
    style={
      {
        "color": "#000000",
        "fontWeight": "600",
      }
    }
  />
</View>
`;
